******************************************************************************
                  TI ARM Linker PC v5.2.2                      
******************************************************************************
>> Linked Sat Nov 14 23:10:33 2015

OUTPUT FILE NAME:   <Clock_120.out>
ENTRY POINT SYMBOL: "_c_int00"  address: 000020a5


MEMORY CONFIGURATION

         name            origin    length      used     unused   attr    fill
----------------------  --------  ---------  --------  --------  ----  --------
  FLASH                 00000000   00040000  000026b6  0003d94a  R  X
  SRAM                  20000000   00008000  00000480  00007b80  RW X


SEGMENT ALLOCATION MAP

run origin  load origin   length   init length attrs members
----------  ----------- ---------- ----------- ----- -------
00000000    00000000    000026b8   000026b8    r-x
  00000000    00000000    0000026c   0000026c    r-- .intvecs
  0000026c    0000026c    00001fc6   00001fc6    r-x .text
  00002234    00002234    0000044c   0000044c    r-- .const
  00002680    00002680    00000038   00000038    r-- .cinit
20000000    20000000    00000480   00000000    rw-
  20000000    20000000    0000026c   00000000    rw- .vtable
  2000026c    2000026c    00000200   00000000    rw- .stack
  2000046c    2000046c    00000014   00000000    rw- .data


SECTION ALLOCATION MAP

 output                                  attributes/
section   page    origin      length       input sections
--------  ----  ----------  ----------   ----------------
.intvecs   0    00000000    0000026c     
                  00000000    0000026c     tm4c123gh6pm_startup_ccs.obj (.intvecs)

.text      0    0000026c    00001fc6     
                  0000026c    00001b88     main.obj (.text)
                  00001df4    0000009c     rtsv7M4_T_le_v4SPD16_eabi.lib : memcpy_t2.obj (.text)
                  00001e90    0000007a                                   : memset_t2.obj (.text)
                  00001f0a    00000002     driverlib.lib : interrupt.obj (.text:_IntDefaultHandler)
                  00001f0c    0000006c     rtsv7M4_T_le_v4SPD16_eabi.lib : autoinit.obj (.text)
                  00001f78    0000006a                                   : copy_decompress_rle.obj (.text)
                  00001fe2    00000002     --HOLE-- [fill = 0]
                  00001fe4    00000060     driverlib.lib : interrupt.obj (.text:IntDisable)
                  00002044    00000060                   : interrupt.obj (.text:IntEnable)
                  000020a4    00000050     rtsv7M4_T_le_v4SPD16_eabi.lib : boot.obj (.text)
                  000020f4    0000004c                                   : cpy_tbl.obj (.text)
                  00002140    00000044                                   : exit.obj (.text)
                  00002184    00000034     driverlib.lib : interrupt.obj (.text:IntRegister)
                  000021b8    00000018     rtsv7M4_T_le_v4SPD16_eabi.lib : args_main.obj (.text)
                  000021d0    00000014     driverlib.lib : interrupt.obj (.text:IntUnregister)
                  000021e4    00000014     rtsv7M4_T_le_v4SPD16_eabi.lib : _lock.obj (.text)
                  000021f8    0000000e                                   : copy_decompress_none.obj (.text:decompress:none)
                  00002206    0000000c                                   : copy_zero_init.obj (.text:decompress:ZI)
                  00002212    0000000c     tm4c123gh6pm_startup_ccs.obj (.text)
                  0000221e    00000006     main.obj (.text:SysCtlDelay)
                  00002224    00000006     rtsv7M4_T_le_v4SPD16_eabi.lib : copy_decompress_rle.obj (.text:decompress:rle24)
                  0000222a    00000004     driverlib.lib : cpu.obj (.text:CPUwfi)
                  0000222e    00000004     rtsv7M4_T_le_v4SPD16_eabi.lib : pre_init.obj (.text)

.const     0    00002234    0000044c     
                  00002234    00000120     main.obj (.const:g_pppui32XTALtoVCO)
                  00002354    000000c0     main.obj (.const:g_ppui32GPIOIntMapBlizzard)
                  00002414    000000c0     main.obj (.const:g_ppui32GPIOIntMapSnowflake)
                  000024d4    00000090     main.obj (.const:g_pui32GPIOBaseAddrs)
                  00002564    00000070     driverlib.lib : interrupt.obj (.const)
                  000025d4    0000006c     main.obj (.const:g_pui32Xtals)
                  00002640    00000030     main.obj (.const:g_sXTALtoMEMTIM)
                  00002670    00000010     main.obj (.const)

.cinit     0    00002680    00000038     
                  00002680    0000000f     (.cinit..data.load) [load image, compression = rle]
                  0000268f    00000001     --HOLE-- [fill = 0]
                  00002690    0000000c     (__TI_handler_table)
                  0000269c    00000004     --HOLE-- [fill = 0]
                  000026a0    00000008     (.cinit..vtable.load) [load image, compression = zero_init]
                  000026a8    00000010     (__TI_cinit_table)

.init_array 
*          0    00000000    00000000     UNINITIALIZED

.vtable    0    20000000    0000026c     UNINITIALIZED
                  20000000    0000026c     driverlib.lib : interrupt.obj (.vtable)

.stack     0    2000026c    00000200     UNINITIALIZED
                  2000026c    00000200     --HOLE--

.data      0    2000046c    00000014     UNINITIALIZED
                  2000046c    00000008     rtsv7M4_T_le_v4SPD16_eabi.lib : _lock.obj (.data)
                  20000474    00000008                                   : exit.obj (.data)
                  2000047c    00000004                                   : stkdepth_vars.obj (.data)

.TI.persistent 
*          0    2000046c    00000000     UNINITIALIZED


LINKER GENERATED COPY TABLES

__TI_cinit_table @ 000026a8 records: 2, size/record: 8, table size: 16
	.data: load addr=00002680, load size=0000000f bytes, run addr=2000046c, run size=00000014 bytes, compression=rle
	.vtable: load addr=000026a0, load size=00000008 bytes, run addr=20000000, run size=0000026c bytes, compression=zero_init


LINKER GENERATED HANDLER TABLE

__TI_handler_table @ 00002690 records: 3, size/record: 4, table size: 12
	index: 0, handler: __TI_zero_init
	index: 1, handler: __TI_decompress_rle24
	index: 2, handler: __TI_decompress_none


GLOBAL SYMBOLS: SORTED ALPHABETICALLY BY Name 

address   name                            
-------   ----                            
00002141  C$$EXIT                         
0000222b  CPUwfi                          
00001cd7  GPIOADCTriggerDisable           
00001cb9  GPIOADCTriggerEnable            
00001c9b  GPIODMATriggerDisable           
00001c7d  GPIODMATriggerEnable            
00001201  GPIODirModeGet                  
000011a5  GPIODirModeSet                  
00001797  GPIOIntClear                    
0000175b  GPIOIntDisable                  
00001741  GPIOIntEnable                   
000017ab  GPIOIntRegister                 
00001775  GPIOIntStatus                   
0000130d  GPIOIntTypeGet                  
0000125d  GPIOIntTypeSet                  
000017c9  GPIOIntUnregister               
000015ef  GPIOPadConfigGet                
000013b1  GPIOPadConfigSet                
00001c1f  GPIOPinConfigure                
000017e3  GPIOPinRead                     
0000181b  GPIOPinTypeADC                  
0000183f  GPIOPinTypeCAN                  
00001beb  GPIOPinTypeCIR                  
00001863  GPIOPinTypeComparator           
00001887  GPIOPinTypeEPI                  
000018ab  GPIOPinTypeEthernetLED          
000018cf  GPIOPinTypeEthernetMII          
000018f3  GPIOPinTypeGPIOInput            
00001917  GPIOPinTypeGPIOOutput           
0000193b  GPIOPinTypeGPIOOutputOD         
0000195f  GPIOPinTypeI2C                  
00001983  GPIOPinTypeI2CSCL               
00001ba3  GPIOPinTypeKBColumn             
00001b7f  GPIOPinTypeKBRow                
000019a7  GPIOPinTypeLCD                  
00001bc7  GPIOPinTypeLEDSeq               
000019cb  GPIOPinTypeLPC                  
000019ef  GPIOPinTypePECIRx               
00001a13  GPIOPinTypePECITx               
00001a37  GPIOPinTypePWM                  
00001a5b  GPIOPinTypeQEI                  
00001a7f  GPIOPinTypeSSI                  
00001aa3  GPIOPinTypeTimer                
00001ac7  GPIOPinTypeUART                 
00001aeb  GPIOPinTypeUSBAnalog            
00001b0f  GPIOPinTypeUSBDigital           
00001b33  GPIOPinTypeWakeHigh             
00001b59  GPIOPinTypeWakeLow              
00001c0f  GPIOPinWakeStatus               
000017fb  GPIOPinWrite                    
00001fe5  IntDisable                      
00002045  IntEnable                       
00002185  IntRegister                     
000021d1  IntUnregister                   
00001cf5  PLL_Init                        
00002213  ResetISR                        
UNDEFED   SHT$$INIT_ARRAY$$Base           
UNDEFED   SHT$$INIT_ARRAY$$Limit          
0000110b  SysCtlAltClkConfig              
000008d9  SysCtlClockFreqSet              
00000dbd  SysCtlClockGet                  
000010ef  SysCtlClockOutConfig            
00000bf1  SysCtlClockSet                  
000007d9  SysCtlDeepSleep                 
00000f91  SysCtlDeepSleepClockConfigSet   
00000f75  SysCtlDeepSleepClockSet         
000007b9  SysCtlDeepSleepPowerSet         
0000221f  SysCtlDelay                     
00000365  SysCtlFlashSectorSizeGet        
00000339  SysCtlFlashSizeGet              
00001067  SysCtlGPIOAHBDisable            
0000104b  SysCtlGPIOAHBEnable             
0000074d  SysCtlIntClear                  
00000735  SysCtlIntDisable                
00000721  SysCtlIntEnable                 
000006f9  SysCtlIntRegister               
0000075d  SysCtlIntStatus                 
00000711  SysCtlIntUnregister             
0000079f  SysCtlLDODeepSleepGet           
0000078f  SysCtlLDODeepSleepSet           
00000789  SysCtlLDOSleepGet               
00000779  SysCtlLDOSleepSet               
0000080f  SysCtlMOSCConfigSet             
000010db  SysCtlNMIClear                  
000010d5  SysCtlNMIStatus                 
00000825  SysCtlPIOSCCalibrate            
00001035  SysCtlPWMClockGet               
0000101b  SysCtlPWMClockSet               
000006a5  SysCtlPeripheralClockGating     
0000065d  SysCtlPeripheralDeepSleepDisable
0000060d  SysCtlPeripheralDeepSleepEnable 
00000549  SysCtlPeripheralDisable         
0000050d  SysCtlPeripheralEnable          
00000449  SysCtlPeripheralPowerOff        
0000040d  SysCtlPeripheralPowerOn         
0000038d  SysCtlPeripheralPresent         
000003cd  SysCtlPeripheralReady           
00000485  SysCtlPeripheralReset           
000005d1  SysCtlPeripheralSleepDisable    
0000058d  SysCtlPeripheralSleepEnable     
000007c9  SysCtlReset                     
00000885  SysCtlResetBehaviorGet          
00000875  SysCtlResetBehaviorSet          
000007fb  SysCtlResetCauseClear           
000007f5  SysCtlResetCauseGet             
0000032f  SysCtlSRAMSizeGet               
000007d1  SysCtlSleep                     
000007a5  SysCtlSleepPowerSet             
00001095  SysCtlUSBPLLDisable             
00001083  SysCtlUSBPLLEnable              
000010c1  SysCtlVoltageEventClear         
000010a5  SysCtlVoltageEventConfig        
000010b5  SysCtlVoltageEventStatus        
2000046c  __STACK_END                     
00000200  __STACK_SIZE                    
2000046c  __STACK_TOP                     
000026a8  __TI_CINIT_Base                 
000026b8  __TI_CINIT_Limit                
00002690  __TI_Handler_Table_Base         
0000269c  __TI_Handler_Table_Limit        
00001f0d  __TI_auto_init                  
20000474  __TI_cleanup_ptr                
000021f9  __TI_decompress_none            
00002225  __TI_decompress_rle24           
20000478  __TI_dtors_ptr                  
00000000  __TI_static_base__              
00002207  __TI_zero_init                  
00001e91  __aeabi_memclr                  
00001e91  __aeabi_memclr4                 
00001e91  __aeabi_memclr8                 
00001df5  __aeabi_memcpy                  
00001df5  __aeabi_memcpy4                 
00001df5  __aeabi_memcpy8                 
00001e93  __aeabi_memset                  
00001e93  __aeabi_memset4                 
00001e93  __aeabi_memset8                 
ffffffff  __binit__                       
ffffffff  __c_args__                      
2000026c  __stack                         
000021b9  _args_main                      
000020a5  _c_int00                        
2000046c  _lock                           
000021f3  _nop                            
000021eb  _register_lock                  
000021e5  _register_unlock                
0000222f  _system_pre_init                
20000470  _unlock                         
00002145  abort                           
ffffffff  binit                           
000020f5  copy_in                         
0000214d  exit                            
20000000  g_pfnRAMVectors                 
00000000  g_pfnVectors                    
00001d65  main                            
2000047c  main_func_sp                    
00001df5  memcpy                          
00001e99  memset                          


GLOBAL SYMBOLS: SORTED BY Symbol Address 

address   name                            
-------   ----                            
00000000  __TI_static_base__              
00000000  g_pfnVectors                    
00000200  __STACK_SIZE                    
0000032f  SysCtlSRAMSizeGet               
00000339  SysCtlFlashSizeGet              
00000365  SysCtlFlashSectorSizeGet        
0000038d  SysCtlPeripheralPresent         
000003cd  SysCtlPeripheralReady           
0000040d  SysCtlPeripheralPowerOn         
00000449  SysCtlPeripheralPowerOff        
00000485  SysCtlPeripheralReset           
0000050d  SysCtlPeripheralEnable          
00000549  SysCtlPeripheralDisable         
0000058d  SysCtlPeripheralSleepEnable     
000005d1  SysCtlPeripheralSleepDisable    
0000060d  SysCtlPeripheralDeepSleepEnable 
0000065d  SysCtlPeripheralDeepSleepDisable
000006a5  SysCtlPeripheralClockGating     
000006f9  SysCtlIntRegister               
00000711  SysCtlIntUnregister             
00000721  SysCtlIntEnable                 
00000735  SysCtlIntDisable                
0000074d  SysCtlIntClear                  
0000075d  SysCtlIntStatus                 
00000779  SysCtlLDOSleepSet               
00000789  SysCtlLDOSleepGet               
0000078f  SysCtlLDODeepSleepSet           
0000079f  SysCtlLDODeepSleepGet           
000007a5  SysCtlSleepPowerSet             
000007b9  SysCtlDeepSleepPowerSet         
000007c9  SysCtlReset                     
000007d1  SysCtlSleep                     
000007d9  SysCtlDeepSleep                 
000007f5  SysCtlResetCauseGet             
000007fb  SysCtlResetCauseClear           
0000080f  SysCtlMOSCConfigSet             
00000825  SysCtlPIOSCCalibrate            
00000875  SysCtlResetBehaviorSet          
00000885  SysCtlResetBehaviorGet          
000008d9  SysCtlClockFreqSet              
00000bf1  SysCtlClockSet                  
00000dbd  SysCtlClockGet                  
00000f75  SysCtlDeepSleepClockSet         
00000f91  SysCtlDeepSleepClockConfigSet   
0000101b  SysCtlPWMClockSet               
00001035  SysCtlPWMClockGet               
0000104b  SysCtlGPIOAHBEnable             
00001067  SysCtlGPIOAHBDisable            
00001083  SysCtlUSBPLLEnable              
00001095  SysCtlUSBPLLDisable             
000010a5  SysCtlVoltageEventConfig        
000010b5  SysCtlVoltageEventStatus        
000010c1  SysCtlVoltageEventClear         
000010d5  SysCtlNMIStatus                 
000010db  SysCtlNMIClear                  
000010ef  SysCtlClockOutConfig            
0000110b  SysCtlAltClkConfig              
000011a5  GPIODirModeSet                  
00001201  GPIODirModeGet                  
0000125d  GPIOIntTypeSet                  
0000130d  GPIOIntTypeGet                  
000013b1  GPIOPadConfigSet                
000015ef  GPIOPadConfigGet                
00001741  GPIOIntEnable                   
0000175b  GPIOIntDisable                  
00001775  GPIOIntStatus                   
00001797  GPIOIntClear                    
000017ab  GPIOIntRegister                 
000017c9  GPIOIntUnregister               
000017e3  GPIOPinRead                     
000017fb  GPIOPinWrite                    
0000181b  GPIOPinTypeADC                  
0000183f  GPIOPinTypeCAN                  
00001863  GPIOPinTypeComparator           
00001887  GPIOPinTypeEPI                  
000018ab  GPIOPinTypeEthernetLED          
000018cf  GPIOPinTypeEthernetMII          
000018f3  GPIOPinTypeGPIOInput            
00001917  GPIOPinTypeGPIOOutput           
0000193b  GPIOPinTypeGPIOOutputOD         
0000195f  GPIOPinTypeI2C                  
00001983  GPIOPinTypeI2CSCL               
000019a7  GPIOPinTypeLCD                  
000019cb  GPIOPinTypeLPC                  
000019ef  GPIOPinTypePECIRx               
00001a13  GPIOPinTypePECITx               
00001a37  GPIOPinTypePWM                  
00001a5b  GPIOPinTypeQEI                  
00001a7f  GPIOPinTypeSSI                  
00001aa3  GPIOPinTypeTimer                
00001ac7  GPIOPinTypeUART                 
00001aeb  GPIOPinTypeUSBAnalog            
00001b0f  GPIOPinTypeUSBDigital           
00001b33  GPIOPinTypeWakeHigh             
00001b59  GPIOPinTypeWakeLow              
00001b7f  GPIOPinTypeKBRow                
00001ba3  GPIOPinTypeKBColumn             
00001bc7  GPIOPinTypeLEDSeq               
00001beb  GPIOPinTypeCIR                  
00001c0f  GPIOPinWakeStatus               
00001c1f  GPIOPinConfigure                
00001c7d  GPIODMATriggerEnable            
00001c9b  GPIODMATriggerDisable           
00001cb9  GPIOADCTriggerEnable            
00001cd7  GPIOADCTriggerDisable           
00001cf5  PLL_Init                        
00001d65  main                            
00001df5  __aeabi_memcpy                  
00001df5  __aeabi_memcpy4                 
00001df5  __aeabi_memcpy8                 
00001df5  memcpy                          
00001e91  __aeabi_memclr                  
00001e91  __aeabi_memclr4                 
00001e91  __aeabi_memclr8                 
00001e93  __aeabi_memset                  
00001e93  __aeabi_memset4                 
00001e93  __aeabi_memset8                 
00001e99  memset                          
00001f0d  __TI_auto_init                  
00001fe5  IntDisable                      
00002045  IntEnable                       
000020a5  _c_int00                        
000020f5  copy_in                         
00002141  C$$EXIT                         
00002145  abort                           
0000214d  exit                            
00002185  IntRegister                     
000021b9  _args_main                      
000021d1  IntUnregister                   
000021e5  _register_unlock                
000021eb  _register_lock                  
000021f3  _nop                            
000021f9  __TI_decompress_none            
00002207  __TI_zero_init                  
00002213  ResetISR                        
0000221f  SysCtlDelay                     
00002225  __TI_decompress_rle24           
0000222b  CPUwfi                          
0000222f  _system_pre_init                
00002690  __TI_Handler_Table_Base         
0000269c  __TI_Handler_Table_Limit        
000026a8  __TI_CINIT_Base                 
000026b8  __TI_CINIT_Limit                
20000000  g_pfnRAMVectors                 
2000026c  __stack                         
2000046c  __STACK_END                     
2000046c  __STACK_TOP                     
2000046c  _lock                           
20000470  _unlock                         
20000474  __TI_cleanup_ptr                
20000478  __TI_dtors_ptr                  
2000047c  main_func_sp                    
ffffffff  __binit__                       
ffffffff  __c_args__                      
ffffffff  binit                           
UNDEFED   SHT$$INIT_ARRAY$$Base           
UNDEFED   SHT$$INIT_ARRAY$$Limit          

[157 symbols]
